mode: set
verschlechtert/backend/internal/domain/user.go:16.2,16.23 1 0
verschlechtert/backend/internal/domain/user.go:17.3,18.1 1 0
verschlechtert/backend/internal/domain/user.go:20.2,20.23 1 0
verschlechtert/backend/internal/domain/user.go:21.3,22.1 1 0
verschlechtert/backend/internal/domain/user.go:24.2,24.17 1 0
verschlechtert/backend/internal/domain/user.go:25.3,26.1 1 0
verschlechtert/backend/internal/domain/user.go:28.2,28.18 1 0
verschlechtert/backend/internal/domain/user.go:29.3,30.1 1 0
verschlechtert/backend/internal/domain/user.go:32.2,39.8 1 0
verschlechtert/backend/internal/db/db.go:153.2,154.16 2 0
verschlechtert/backend/internal/db/db.go:155.3,156.1 1 0
verschlechtert/backend/internal/db/db.go:157.2,157.39 1 0
verschlechtert/backend/internal/db/db.go:158.3,159.1 1 0
verschlechtert/backend/internal/db/db.go:160.2,160.18 1 0
verschlechtert/backend/internal/db/db.go:165.2,170.17 1 0
verschlechtert/backend/internal/db/db.go:171.3,172.1 1 0
verschlechtert/backend/internal/db/db.go:174.2,179.32 2 0
verschlechtert/backend/internal/db/db.go:180.3,181.1 1 0
verschlechtert/backend/internal/db/db.go:182.2,182.13 1 0
verschlechtert/backend/internal/db/db.go:183.3,184.1 1 0
verschlechtert/backend/internal/db/db.go:186.2,187.16 2 0
verschlechtert/backend/internal/db/db.go:188.3,189.1 1 0
verschlechtert/backend/internal/db/db.go:190.2,191.1 2 0
verschlechtert/backend/internal/db/db.go:192.2,192.63 2 0
verschlechtert/backend/internal/db/db.go:193.3,194.1 1 0
verschlechtert/backend/internal/db/db.go:195.2,195.94 1 0
verschlechtert/backend/internal/db/db.go:196.3,197.1 1 0
verschlechtert/backend/internal/db/db.go:198.2,198.39 1 0
verschlechtert/backend/internal/db/db.go:199.3,200.1 1 0
verschlechtert/backend/internal/db/db.go:202.2,202.12 1 0
verschlechtert/backend/internal/db/db.go:207.2,226.16 3 0
verschlechtert/backend/internal/db/db.go:227.3,228.1 1 0
verschlechtert/backend/internal/db/db.go:229.2,229.18 1 0
verschlechtert/backend/internal/db/db.go:234.2,248.16 3 0
verschlechtert/backend/internal/db/db.go:249.3,250.1 1 0
verschlechtert/backend/internal/db/db.go:251.2,251.18 1 0
verschlechtert/backend/internal/db/db.go:256.2,270.16 2 0
verschlechtert/backend/internal/db/db.go:271.3,272.1 1 0
verschlechtert/backend/internal/db/db.go:273.2,274.1 3 0
verschlechtert/backend/internal/db/db.go:275.2,276.18 3 0
verschlechtert/backend/internal/db/db.go:277.3,278.227 2 0
verschlechtert/backend/internal/db/db.go:279.4,280.1 1 0
verschlechtert/backend/internal/db/db.go:281.3,281.36 1 0
verschlechtert/backend/internal/db/db.go:283.2,283.35 1 0
verschlechtert/backend/internal/db/db.go:284.3,285.1 1 0
verschlechtert/backend/internal/db/db.go:286.2,287.13 2 0
verschlechtert/backend/internal/db/db.go:288.3,289.1 1 0
verschlechtert/backend/internal/db/db.go:290.2,291.30 2 0
verschlechtert/backend/internal/db/db.go:295.2,295.32 1 0
verschlechtert/backend/internal/db/db.go:296.3,297.1 1 0
verschlechtert/backend/internal/db/db.go:298.2,299.16 2 0
verschlechtert/backend/internal/db/db.go:300.3,301.1 1 0
verschlechtert/backend/internal/db/db.go:302.2,303.1 3 0
verschlechtert/backend/internal/db/db.go:304.2,309.199 3 0
verschlechtert/backend/internal/db/db.go:310.3,311.1 1 0
verschlechtert/backend/internal/db/db.go:312.2,312.46 1 0
verschlechtert/backend/internal/db/db.go:313.3,313.27 1 0
verschlechtert/backend/internal/db/db.go:314.4,315.1 1 0
verschlechtert/backend/internal/db/db.go:316.3,319.80 1 0
verschlechtert/backend/internal/db/db.go:320.4,321.1 1 0
verschlechtert/backend/internal/db/db.go:323.2,323.39 1 0
verschlechtert/backend/internal/db/db.go:324.3,325.1 1 0
verschlechtert/backend/internal/db/db.go:326.2,327.22 2 0
verschlechtert/backend/internal/db/db.go:331.2,344.16 2 0
verschlechtert/backend/internal/db/db.go:345.3,346.1 1 0
verschlechtert/backend/internal/db/db.go:347.2,349.18 3 0
verschlechtert/backend/internal/db/db.go:350.3,351.338 2 0
verschlechtert/backend/internal/db/db.go:352.4,353.1 1 0
verschlechtert/backend/internal/db/db.go:354.3,354.48 1 0
verschlechtert/backend/internal/db/db.go:356.2,356.35 1 0
verschlechtert/backend/internal/db/db.go:357.3,358.1 1 0
verschlechtert/backend/internal/db/db.go:359.2,360.25 2 0
verschlechtert/backend/internal/db/db.go:366.2,385.16 4 0
verschlechtert/backend/internal/db/db.go:386.3,387.1 1 0
verschlechtert/backend/internal/db/db.go:388.2,389.1 4 0
verschlechtert/backend/internal/db/db.go:390.2,392.16 4 0
verschlechtert/backend/internal/db/db.go:393.3,394.1 1 0
verschlechtert/backend/internal/db/db.go:395.2,395.23 1 0
verschlechtert/backend/internal/db/db.go:396.3,397.75 2 0
verschlechtert/backend/internal/db/db.go:398.4,400.1 2 0
verschlechtert/backend/internal/db/db.go:401.3,401.47 1 0
verschlechtert/backend/internal/db/db.go:403.2,404.40 2 0
verschlechtert/backend/internal/db/db.go:405.3,406.1 1 0
verschlechtert/backend/internal/db/db.go:408.2,416.16 3 0
verschlechtert/backend/internal/db/db.go:417.3,418.1 1 0
verschlechtert/backend/internal/db/db.go:419.2,419.25 1 0
verschlechtert/backend/internal/db/db.go:420.3,421.111 2 0
verschlechtert/backend/internal/db/db.go:422.4,424.1 2 0
verschlechtert/backend/internal/db/db.go:425.3,425.53 1 0
verschlechtert/backend/internal/db/db.go:427.2,428.42 2 0
verschlechtert/backend/internal/db/db.go:429.3,430.1 1 0
verschlechtert/backend/internal/db/db.go:432.2,442.16 3 0
verschlechtert/backend/internal/db/db.go:443.3,444.1 1 0
verschlechtert/backend/internal/db/db.go:445.2,445.21 1 0
verschlechtert/backend/internal/db/db.go:446.3,448.160 3 0
verschlechtert/backend/internal/db/db.go:449.4,451.1 2 0
verschlechtert/backend/internal/db/db.go:452.3,453.24 2 0
verschlechtert/backend/internal/db/db.go:454.4,455.1 1 0
verschlechtert/backend/internal/db/db.go:456.3,456.57 1 0
verschlechtert/backend/internal/db/db.go:458.2,459.38 2 0
verschlechtert/backend/internal/db/db.go:460.3,461.1 1 0
verschlechtert/backend/internal/db/db.go:462.2,462.20 1 0
verschlechtert/backend/internal/db/db.go:467.2,478.16 3 0
verschlechtert/backend/internal/db/db.go:479.3,480.1 1 0
verschlechtert/backend/internal/db/db.go:481.2,481.21 1 0
verschlechtert/backend/internal/db/db.go:487.2,502.16 3 0
verschlechtert/backend/internal/db/db.go:503.3,504.54 2 0
verschlechtert/backend/internal/db/db.go:505.4,506.1 1 0
verschlechtert/backend/internal/db/db.go:507.3,507.66 1 0
verschlechtert/backend/internal/db/db.go:509.2,510.17 2 0
verschlechtert/backend/internal/db/db.go:515.2,516.16 2 0
verschlechtert/backend/internal/db/db.go:517.3,518.1 1 0
verschlechtert/backend/internal/db/db.go:519.2,520.1 3 0
verschlechtert/backend/internal/db/db.go:521.2,522.16 3 0
verschlechtert/backend/internal/db/db.go:523.3,524.1 1 0
verschlechtert/backend/internal/db/db.go:525.2,525.32 1 0
verschlechtert/backend/internal/db/db.go:526.3,526.124 1 0
verschlechtert/backend/internal/db/db.go:527.4,528.1 1 0
verschlechtert/backend/internal/db/db.go:529.3,529.15 1 0
verschlechtert/backend/internal/db/db.go:531.2,531.122 1 0
verschlechtert/backend/internal/db/db.go:532.3,533.1 1 0
verschlechtert/backend/internal/db/db.go:534.2,534.39 1 0
verschlechtert/backend/internal/db/db.go:535.3,536.1 1 0
verschlechtert/backend/internal/db/db.go:537.2,537.26 1 0
verschlechtert/backend/internal/db/db.go:541.2,546.16 2 0
verschlechtert/backend/internal/db/db.go:547.3,548.1 1 0
verschlechtert/backend/internal/db/db.go:549.2,549.32 1 0
verschlechtert/backend/internal/db/db.go:550.3,551.1 1 0
verschlechtert/backend/internal/db/db.go:552.2,552.12 1 0
verschlechtert/backend/internal/db/db.go:556.2,560.1 2 0
verschlechtert/backend/internal/db/db.go:561.3,562.17 2 0
verschlechtert/backend/internal/db/db.go:563.4,564.1 1 0
verschlechtert/backend/internal/db/db.go:565.3,566.19 2 0
verschlechtert/backend/internal/db/db.go:567.4,568.58 2 0
verschlechtert/backend/internal/db/db.go:569.5,571.1 2 0
verschlechtert/backend/internal/db/db.go:572.4,572.31 1 0
verschlechtert/backend/internal/db/db.go:574.3,575.36 2 0
verschlechtert/backend/internal/db/db.go:576.4,577.1 1 0
verschlechtert/backend/internal/db/db.go:578.3,578.22 1 0
verschlechtert/backend/internal/db/db.go:579.4,580.1 1 0
verschlechtert/backend/internal/db/db.go:581.4,582.1 1 0
verschlechtert/backend/internal/db/db.go:584.2,584.173 1 0
verschlechtert/backend/internal/db/db.go:585.3,586.1 1 0
verschlechtert/backend/internal/db/db.go:587.2,587.176 1 0
verschlechtert/backend/internal/db/db.go:588.3,589.1 1 0
verschlechtert/backend/internal/db/db.go:591.2,598.16 2 0
verschlechtert/backend/internal/db/db.go:599.3,600.1 1 0
verschlechtert/backend/internal/db/db.go:601.2,602.18 2 0
verschlechtert/backend/internal/db/db.go:603.3,604.69 2 0
verschlechtert/backend/internal/db/db.go:605.4,607.1 2 0
verschlechtert/backend/internal/db/db.go:608.3,608.40 1 0
verschlechtert/backend/internal/db/db.go:610.2,611.35 2 0
verschlechtert/backend/internal/db/db.go:612.3,613.1 1 0
verschlechtert/backend/internal/db/db.go:614.2,620.151 2 0
verschlechtert/backend/internal/db/db.go:621.3,622.1 1 0
verschlechtert/backend/internal/db/db.go:623.2,623.21 1 0
verschlechtert/backend/internal/auth/middleware.go:18.2,19.1 1 0
verschlechtert/backend/internal/auth/middleware.go:24.2,24.46 1 0
verschlechtert/backend/internal/auth/middleware.go:25.3,25.72 1 0
verschlechtert/backend/internal/auth/middleware.go:26.4,27.45 2 0
verschlechtert/backend/internal/auth/middleware.go:28.5,30.1 2 0
verschlechtert/backend/internal/auth/middleware.go:31.4,32.1 3 0
verschlechtert/backend/internal/auth/middleware.go:33.4,34.18 3 0
verschlechtert/backend/internal/auth/middleware.go:35.5,37.1 2 0
verschlechtert/backend/internal/auth/middleware.go:39.4,40.41 2 0
verschlechtert/backend/internal/auth/middleware.go:47.2,49.1 2 0
verschlechtert/backend/cmd/server/main.go:29.2,30.1 3 0
verschlechtert/backend/cmd/server/main.go:33.2,34.42 3 0
verschlechtert/backend/cmd/server/main.go:35.3,36.1 1 0
verschlechtert/backend/cmd/server/main.go:37.2,38.1 3 0
verschlechtert/backend/cmd/server/main.go:39.2,40.23 3 0
verschlechtert/backend/cmd/server/main.go:41.3,42.1 1 0
verschlechtert/backend/cmd/server/main.go:44.2,45.16 2 0
verschlechtert/backend/cmd/server/main.go:46.3,47.1 1 0
verschlechtert/backend/cmd/server/main.go:48.2,49.1 2 0
verschlechtert/backend/cmd/server/main.go:50.2,50.54 2 0
verschlechtert/backend/cmd/server/main.go:51.3,52.1 1 0
verschlechtert/backend/cmd/server/main.go:54.2,55.16 2 0
verschlechtert/backend/cmd/server/main.go:56.3,57.1 1 0
verschlechtert/backend/cmd/server/main.go:59.2,60.16 2 0
verschlechtert/backend/cmd/server/main.go:61.3,62.1 1 0
verschlechtert/backend/cmd/server/main.go:64.2,65.25 2 0
verschlechtert/backend/cmd/server/main.go:66.3,67.1 1 0
verschlechtert/backend/cmd/server/main.go:69.2,79.1 7 0
verschlechtert/backend/cmd/server/main.go:80.2,82.1 7 0
verschlechtert/backend/cmd/server/main.go:83.2,83.65 7 0
verschlechtert/backend/cmd/server/main.go:84.3,86.1 2 0
verschlechtert/backend/cmd/server/main.go:88.2,88.29 1 0
verschlechtert/backend/cmd/server/main.go:89.3,90.59 2 0
verschlechtert/backend/cmd/server/main.go:91.4,92.11 2 0
verschlechtert/backend/cmd/server/main.go:93.5,94.1 1 0
verschlechtert/backend/cmd/server/main.go:95.4,103.26 2 0
verschlechtert/backend/cmd/server/main.go:105.3,105.66 1 0
verschlechtert/backend/cmd/server/main.go:106.4,108.1 2 0
verschlechtert/backend/cmd/server/main.go:110.3,110.70 1 0
verschlechtert/backend/cmd/server/main.go:111.4,112.11 2 0
verschlechtert/backend/cmd/server/main.go:113.5,115.1 2 0
verschlechtert/backend/cmd/server/main.go:116.4,116.18 1 0
verschlechtert/backend/cmd/server/main.go:117.5,119.1 2 0
verschlechtert/backend/cmd/server/main.go:120.4,121.62 2 0
verschlechtert/backend/cmd/server/main.go:122.5,122.89 1 0
verschlechtert/backend/cmd/server/main.go:123.6,124.1 1 0
verschlechtert/backend/cmd/server/main.go:126.4,127.65 2 0
verschlechtert/backend/cmd/server/main.go:128.5,128.74 1 0
verschlechtert/backend/cmd/server/main.go:129.6,130.1 1 0
verschlechtert/backend/cmd/server/main.go:132.4,133.18 2 0
verschlechtert/backend/cmd/server/main.go:134.5,136.1 2 0
verschlechtert/backend/cmd/server/main.go:137.4,137.72 1 0
verschlechtert/backend/cmd/server/main.go:140.3,140.75 1 0
verschlechtert/backend/cmd/server/main.go:141.4,142.11 2 0
verschlechtert/backend/cmd/server/main.go:143.5,145.1 2 0
verschlechtert/backend/cmd/server/main.go:146.4,146.18 1 0
verschlechtert/backend/cmd/server/main.go:147.5,149.1 2 0
verschlechtert/backend/cmd/server/main.go:150.4,151.18 2 0
verschlechtert/backend/cmd/server/main.go:152.5,154.1 2 0
verschlechtert/backend/cmd/server/main.go:155.4,156.18 2 0
verschlechtert/backend/cmd/server/main.go:157.5,159.1 2 0
verschlechtert/backend/cmd/server/main.go:160.4,160.24 1 0
verschlechtert/backend/cmd/server/main.go:163.3,163.85 1 0
verschlechtert/backend/cmd/server/main.go:164.4,165.11 2 0
verschlechtert/backend/cmd/server/main.go:166.5,168.1 2 0
verschlechtert/backend/cmd/server/main.go:169.4,169.18 1 0
verschlechtert/backend/cmd/server/main.go:170.5,172.1 2 0
verschlechtert/backend/cmd/server/main.go:173.4,174.18 2 0
verschlechtert/backend/cmd/server/main.go:175.5,177.1 2 0
verschlechtert/backend/cmd/server/main.go:178.4,180.1 2 0
verschlechtert/backend/cmd/server/main.go:181.4,181.108 2 0
verschlechtert/backend/cmd/server/main.go:182.5,184.1 2 0
verschlechtert/backend/cmd/server/main.go:185.4,186.18 2 0
verschlechtert/backend/cmd/server/main.go:187.5,189.1 2 0
verschlechtert/backend/cmd/server/main.go:190.4,191.25 2 0
verschlechtert/backend/cmd/server/main.go:194.3,194.89 1 0
verschlechtert/backend/cmd/server/main.go:195.4,196.11 2 0
verschlechtert/backend/cmd/server/main.go:197.5,199.1 2 0
verschlechtert/backend/cmd/server/main.go:200.4,200.18 1 0
verschlechtert/backend/cmd/server/main.go:201.5,203.1 2 0
verschlechtert/backend/cmd/server/main.go:204.4,205.18 2 0
verschlechtert/backend/cmd/server/main.go:206.5,208.1 2 0
verschlechtert/backend/cmd/server/main.go:209.4,214.1 2 0
verschlechtert/backend/cmd/server/main.go:215.4,215.164 2 0
verschlechtert/backend/cmd/server/main.go:216.5,218.1 2 0
verschlechtert/backend/cmd/server/main.go:219.4,220.18 2 0
verschlechtert/backend/cmd/server/main.go:221.5,221.58 1 0
verschlechtert/backend/cmd/server/main.go:222.6,224.1 2 0
verschlechtert/backend/cmd/server/main.go:225.5,226.11 2 0
verschlechtert/backend/cmd/server/main.go:228.4,229.29 2 0
verschlechtert/backend/cmd/server/main.go:232.3,232.81 1 0
verschlechtert/backend/cmd/server/main.go:233.4,234.11 2 0
verschlechtert/backend/cmd/server/main.go:235.5,237.1 2 0
verschlechtert/backend/cmd/server/main.go:238.4,238.18 1 0
verschlechtert/backend/cmd/server/main.go:239.5,241.1 2 0
verschlechtert/backend/cmd/server/main.go:242.4,243.18 2 0
verschlechtert/backend/cmd/server/main.go:244.5,246.1 2 0
verschlechtert/backend/cmd/server/main.go:247.4,248.18 2 0
verschlechtert/backend/cmd/server/main.go:249.5,251.1 2 0
verschlechtert/backend/cmd/server/main.go:252.4,252.64 1 0
verschlechtert/backend/cmd/server/main.go:255.3,255.78 1 0
verschlechtert/backend/cmd/server/main.go:256.4,257.18 2 0
verschlechtert/backend/cmd/server/main.go:258.5,260.1 2 0
verschlechtert/backend/cmd/server/main.go:261.4,261.25 1 0
verschlechtert/backend/cmd/server/main.go:264.3,264.65 1 0
verschlechtert/backend/cmd/server/main.go:265.4,266.11 2 0
verschlechtert/backend/cmd/server/main.go:267.5,269.1 2 0
verschlechtert/backend/cmd/server/main.go:270.4,270.18 1 0
verschlechtert/backend/cmd/server/main.go:271.5,273.1 2 0
verschlechtert/backend/cmd/server/main.go:274.4,275.35 2 0
verschlechtert/backend/cmd/server/main.go:278.3,278.67 1 0
verschlechtert/backend/cmd/server/main.go:279.4,280.11 2 0
verschlechtert/backend/cmd/server/main.go:281.5,283.1 2 0
verschlechtert/backend/cmd/server/main.go:284.4,284.18 1 0
verschlechtert/backend/cmd/server/main.go:285.5,287.1 2 0
verschlechtert/backend/cmd/server/main.go:289.4,291.1 2 0
verschlechtert/backend/cmd/server/main.go:292.4,292.113 2 0
verschlechtert/backend/cmd/server/main.go:293.5,295.1 2 0
verschlechtert/backend/cmd/server/main.go:296.4,298.18 3 0
verschlechtert/backend/cmd/server/main.go:299.5,301.1 2 0
verschlechtert/backend/cmd/server/main.go:302.4,303.42 2 0
verschlechtert/backend/cmd/server/main.go:306.3,306.77 1 0
verschlechtert/backend/cmd/server/main.go:307.4,308.11 2 0
verschlechtert/backend/cmd/server/main.go:309.5,311.1 2 0
verschlechtert/backend/cmd/server/main.go:312.4,312.18 1 0
verschlechtert/backend/cmd/server/main.go:313.5,315.1 2 0
verschlechtert/backend/cmd/server/main.go:316.4,317.18 2 0
verschlechtert/backend/cmd/server/main.go:318.5,320.1 2 0
verschlechtert/backend/cmd/server/main.go:321.4,321.29 1 0
verschlechtert/backend/cmd/server/main.go:324.3,324.75 1 0
verschlechtert/backend/cmd/server/main.go:325.4,326.11 2 0
verschlechtert/backend/cmd/server/main.go:327.5,329.1 2 0
verschlechtert/backend/cmd/server/main.go:330.4,330.18 1 0
verschlechtert/backend/cmd/server/main.go:331.5,333.1 2 0
verschlechtert/backend/cmd/server/main.go:334.4,343.1 2 0
verschlechtert/backend/cmd/server/main.go:344.4,344.67 2 0
verschlechtert/backend/cmd/server/main.go:345.5,347.1 2 0
verschlechtert/backend/cmd/server/main.go:348.4,349.89 2 0
verschlechtert/backend/cmd/server/main.go:350.5,352.1 2 0
verschlechtert/backend/cmd/server/main.go:353.4,354.62 2 0
verschlechtert/backend/cmd/server/main.go:355.5,356.24 2 0
verschlechtert/backend/cmd/server/main.go:357.6,359.1 2 0
verschlechtert/backend/cmd/server/main.go:360.5,360.25 1 0
verschlechtert/backend/cmd/server/main.go:362.4,367.18 2 0
verschlechtert/backend/cmd/server/main.go:368.5,370.1 2 0
verschlechtert/backend/cmd/server/main.go:371.4,373.50 3 0
verschlechtert/backend/cmd/server/main.go:376.3,376.84 1 0
verschlechtert/backend/cmd/server/main.go:377.4,378.11 2 0
verschlechtert/backend/cmd/server/main.go:379.5,381.1 2 0
verschlechtert/backend/cmd/server/main.go:382.4,382.18 1 0
verschlechtert/backend/cmd/server/main.go:383.5,385.1 2 0
verschlechtert/backend/cmd/server/main.go:386.4,387.18 2 0
verschlechtert/backend/cmd/server/main.go:388.5,390.1 2 0
verschlechtert/backend/cmd/server/main.go:391.4,398.1 2 0
verschlechtert/backend/cmd/server/main.go:399.4,399.125 2 0
verschlechtert/backend/cmd/server/main.go:400.5,402.1 2 0
verschlechtert/backend/cmd/server/main.go:403.4,404.62 2 0
verschlechtert/backend/cmd/server/main.go:405.5,406.24 2 0
verschlechtert/backend/cmd/server/main.go:407.6,409.1 2 0
verschlechtert/backend/cmd/server/main.go:410.5,410.25 1 0
verschlechtert/backend/cmd/server/main.go:412.4,416.19 1 0
verschlechtert/backend/cmd/server/main.go:417.5,419.1 2 0
verschlechtert/backend/cmd/server/main.go:420.4,420.39 1 0
verschlechtert/backend/cmd/server/main.go:424.2,425.16 2 0
verschlechtert/backend/cmd/server/main.go:426.3,427.1 1 0
verschlechtert/backend/cmd/server/main.go:429.2,432.1 3 0
verschlechtert/backend/cmd/server/main.go:434.2,435.12 3 0
verschlechtert/backend/cmd/server/main.go:436.3,438.1 2 0
verschlechtert/backend/cmd/server/main.go:440.2,442.1 3 0
verschlechtert/backend/cmd/server/main.go:443.2,443.9 3 0
verschlechtert/backend/cmd/server/main.go:445.3,445.48 1 0
verschlechtert/backend/cmd/server/main.go:446.4,447.1 1 0
verschlechtert/backend/cmd/server/main.go:449.3,450.1 4 0
verschlechtert/backend/cmd/server/main.go:451.3,453.1 4 0
verschlechtert/backend/cmd/server/main.go:454.3,454.51 4 0
verschlechtert/backend/cmd/server/main.go:455.4,456.1 1 0
verschlechtert/backend/cmd/server/main.go:461.2,463.1 2 0
verschlechtert/backend/cmd/server/main.go:469.2,469.59 1 0
verschlechtert/backend/cmd/server/main.go:470.3,471.1 1 0
verschlechtert/backend/cmd/server/main.go:472.2,472.13 1 0
verschlechtert/backend/cmd/server/main.go:476.2,477.9 2 0
verschlechtert/backend/cmd/server/main.go:478.3,479.1 1 0
verschlechtert/backend/cmd/server/main.go:480.2,480.14 1 0
verschlechtert/backend/internal/httpmw/limits.go:15.2,15.46 1 0
verschlechtert/backend/internal/httpmw/limits.go:16.3,16.72 1 0
verschlechtert/backend/internal/httpmw/limits.go:17.4,19.1 2 0
verschlechtert/backend/internal/httpmw/limits.go:33.2,37.1 1 0
verschlechtert/backend/internal/httpmw/limits.go:41.2,43.1 4 0
verschlechtert/backend/internal/httpmw/limits.go:44.2,45.9 4 0
verschlechtert/backend/internal/httpmw/limits.go:46.3,48.1 2 0
verschlechtert/backend/internal/httpmw/limits.go:49.2,49.10 1 0
verschlechtert/backend/internal/httpmw/limits.go:54.2,54.71 1 0
verschlechtert/backend/internal/httpmw/limits.go:55.3,56.33 2 0
verschlechtert/backend/internal/httpmw/limits.go:57.4,59.1 2 0
verschlechtert/backend/internal/httpmw/limits.go:60.3,60.23 1 0
verschlechtert/backend/internal/httpmw/limits.go:65.2,66.16 2 0
verschlechtert/backend/internal/httpmw/limits.go:67.3,68.1 1 0
verschlechtert/backend/internal/httpmw/limits.go:69.2,69.13 1 0
verschlechtert/backend/internal/service/user_service.go:16.2,17.16 2 1
verschlechtert/backend/internal/service/user_service.go:18.3,19.1 1 1
verschlechtert/backend/internal/service/user_service.go:21.2,22.16 2 1
verschlechtert/backend/internal/service/user_service.go:23.3,24.1 1 0
verschlechtert/backend/internal/service/user_service.go:26.2,26.18 1 1
verschlechtert/backend/internal/service/user_service.go:30.2,31.1 1 1
